// Jest Snapshot v1, https://goo.gl/fbAQLP

exports[`check render component Menu 1`] = `
<div
  className="menu"
>
  <h1>
    SpaceY
  </h1>
  <div
    className="menu-items"
  >
    <MenuItem
      isMobile={false}
      item={
        Object {
          "action": "GAME_START",
          "route": null,
          "title": "start",
        }
      }
      key="start"
      modifier={
        Object {
          "skill": 1,
          "sound": true,
          "theme": "primary",
          "vibration": true,
        }
      }
    />
    <MenuItem
      isMobile={false}
      item={
        Object {
          "action": "GAME_SKILL_SWITCH",
          "route": null,
          "title": "skill",
        }
      }
      key="skill"
      modifier={
        Object {
          "skill": 1,
          "sound": true,
          "theme": "primary",
          "vibration": true,
        }
      }
    />
    <MenuItem
      isMobile={false}
      item={
        Object {
          "action": "GAME_SOUND_SWITCH",
          "options": Object {
            "OFF": "OFF",
            "ON": "ON",
          },
          "route": null,
          "title": "sound",
        }
      }
      key="sound"
      modifier={
        Object {
          "skill": 1,
          "sound": true,
          "theme": "primary",
          "vibration": true,
        }
      }
    />
    <MenuItem
      isMobile={false}
      item={
        Object {
          "action": "GAME_VIBRATION_SWITCH",
          "mobileOnly": true,
          "options": Object {
            "OFF": "OFF",
            "ON": "ON",
          },
          "route": null,
          "title": "vibration",
        }
      }
      key="vibration"
      modifier={
        Object {
          "skill": 1,
          "sound": true,
          "theme": "primary",
          "vibration": true,
        }
      }
    />
    <MenuItem
      isMobile={false}
      item={
        Object {
          "action": null,
          "route": "/profile",
          "title": "my profile",
        }
      }
      key="my profile"
      modifier={
        Object {
          "skill": 1,
          "sound": true,
          "theme": "primary",
          "vibration": true,
        }
      }
    />
    <MenuItem
      isMobile={false}
      item={
        Object {
          "action": null,
          "route": "/leaderboard",
          "title": "best players",
        }
      }
      key="best players"
      modifier={
        Object {
          "skill": 1,
          "sound": true,
          "theme": "primary",
          "vibration": true,
        }
      }
    />
    <MenuItem
      isMobile={false}
      item={
        Object {
          "action": null,
          "route": "/forum",
          "title": "forum",
        }
      }
      key="forum"
      modifier={
        Object {
          "skill": 1,
          "sound": true,
          "theme": "primary",
          "vibration": true,
        }
      }
    />
    <MenuItem
      isMobile={false}
      item={
        Object {
          "action": "GAME_THEME_SWITCH",
          "route": null,
          "title": "theme",
        }
      }
      key="theme"
      modifier={
        Object {
          "skill": 1,
          "sound": true,
          "theme": "primary",
          "vibration": true,
        }
      }
    />
  </div>
</div>
`;
